¡ÇªŒâÿ
ı◊
F Úë±+vøGvQÄ«Õ(RÆ’dåL9ÎÖ‡ÆbŒC Ò¡™â›Ô§€àÛ˙àM-‘Ö0úG1∆˜{3ÿöù◊
ô◊
Õ÷
Â

˜∞’∂"
syschannel 

≠


OrdererMSPû
-----BEGIN CERTIFICATE-----
MIIDmjCCA0GgAwIBAgIIZg6zOJbhTfQwCgYIKoZIzj0EAwIwgZwxCzAJBgNVBAYT
AkNOMRAwDgYDVQQIDAdCZWlqaW5nMRAwDgYDVQQHDAdCZWlqaW5nMQwwCgYDVQQK
DANCc24xEjAQBgNVBAsMCW9yZGVybm9kZTEQMA4GA1UECwwHcHJpdmF0ZTEQMA4G
A1UECwwHYnNuYmFzZTEMMAoGA1UECwwDY29tMRUwEwYDVQQDDAxvcmRlci1yMS1p
Y2EwIBcNMjIwNjI4MDkyMzUwWhgPMjEyMjA2MjgwOTIzNTBaMIHGMQswCQYDVQQG
EwJDTjEQMA4GA1UECAwHQmVpamluZzEQMA4GA1UEBwwHQmVpamluZzEMMAoGA1UE
CgwDQnNuMRAwDgYDVQQLDAdvcmRlcmVyMRIwEAYDVQQLDAlvcmRlcm5vZGUxEDAO
BgNVBAsMB3ByaXZhdGUxEDAOBgNVBAsMB2JzbmJhc2UxDDAKBgNVBAsMA2NvbTEt
MCsGA1UEAwwkb3JkZXIxLm9yZGVybm9kZS5wcml2YXRlLmJzbmJhc2UuY29tMFkw
EwYHKoZIzj0CAQYIKoZIzj0DAQcDQgAE7WZVs0Ksw8WLa7clNiQLM9mQUTIYuh4z
dJ6viZ2aIpY++nZ1+5deC9+xnwn5pkxAZlmHSZd1/Y/N7l0CekxoBKOCAT0wggE5
MAwGA1UdEwEB/wQCMAAwDgYDVR0PAQH/BAQDAgeAMB0GA1UdDgQWBBTK3PC7YYof
tkIwIeyyp1On7UkrZjAfBgNVHSMEGDAWgBQMxv9aUAB9hfqXrzAkLMAokYAXfjAv
BgNVHREEKDAmgiRvcmRlcjEub3JkZXJub2RlLnByaXZhdGUuYnNuYmFzZS5jb20w
gacGCCoDBAUGBwgBBIGaeyJhdHRycyI6eyJyb2xlIjoib3JkZXJlciIsImhmLkFm
ZmlsaWF0aW9uIjoib3JkZXJub2RlLnByaXZhdGUuYnNuYmFzZS5jb20iLCJoZi5F
bnJvbGxtZW50SUQiOiJvcmRlcjEub3JkZXJub2RlLnByaXZhdGUuYnNuYmFzZS5j
b20iLCJoZi5UeXBlIjoib3JkZXJlciJ9fTAKBggqhkjOPQQDAgNHADBEAiBB/XFq
K70eaeElIJYL6jh2U3NMD7rRVgcNkA9NIwH5nwIgIluOfduNmau0f7UuXAbNzMKd
W2kqx1T1UKAyQdpzCSU=
-----END CERTIFICATE-----
≤(Œ„MÄ¯ô≈p›Rˇ*µp◊S]Ó·À
îÀ
ﬂ

˜∞’∂"hll8 

≠


OrdererMSPû
-----BEGIN CERTIFICATE-----
MIIDmjCCA0GgAwIBAgIIZg6zOJbhTfQwCgYIKoZIzj0EAwIwgZwxCzAJBgNVBAYT
AkNOMRAwDgYDVQQIDAdCZWlqaW5nMRAwDgYDVQQHDAdCZWlqaW5nMQwwCgYDVQQK
DANCc24xEjAQBgNVBAsMCW9yZGVybm9kZTEQMA4GA1UECwwHcHJpdmF0ZTEQMA4G
A1UECwwHYnNuYmFzZTEMMAoGA1UECwwDY29tMRUwEwYDVQQDDAxvcmRlci1yMS1p
Y2EwIBcNMjIwNjI4MDkyMzUwWhgPMjEyMjA2MjgwOTIzNTBaMIHGMQswCQYDVQQG
EwJDTjEQMA4GA1UECAwHQmVpamluZzEQMA4GA1UEBwwHQmVpamluZzEMMAoGA1UE
CgwDQnNuMRAwDgYDVQQLDAdvcmRlcmVyMRIwEAYDVQQLDAlvcmRlcm5vZGUxEDAO
BgNVBAsMB3ByaXZhdGUxEDAOBgNVBAsMB2JzbmJhc2UxDDAKBgNVBAsMA2NvbTEt
MCsGA1UEAwwkb3JkZXIxLm9yZGVybm9kZS5wcml2YXRlLmJzbmJhc2UuY29tMFkw
EwYHKoZIzj0CAQYIKoZIzj0DAQcDQgAE7WZVs0Ksw8WLa7clNiQLM9mQUTIYuh4z
dJ6viZ2aIpY++nZ1+5deC9+xnwn5pkxAZlmHSZd1/Y/N7l0CekxoBKOCAT0wggE5
MAwGA1UdEwEB/wQCMAAwDgYDVR0PAQH/BAQDAgeAMB0GA1UdDgQWBBTK3PC7YYof
tkIwIeyyp1On7UkrZjAfBgNVHSMEGDAWgBQMxv9aUAB9hfqXrzAkLMAokYAXfjAv
BgNVHREEKDAmgiRvcmRlcjEub3JkZXJub2RlLnByaXZhdGUuYnNuYmFzZS5jb20w
gacGCCoDBAUGBwgBBIGaeyJhdHRycyI6eyJyb2xlIjoib3JkZXJlciIsImhmLkFm
ZmlsaWF0aW9uIjoib3JkZXJub2RlLnByaXZhdGUuYnNuYmFzZS5jb20iLCJoZi5F
bnJvbGxtZW50SUQiOiJvcmRlcjEub3JkZXJub2RlLnByaXZhdGUuYnNuYmFzZS5j
b20iLCJoZi5UeXBlIjoib3JkZXJlciJ9fTAKBggqhkjOPQQDAgNHADBEAiBB/XFq
K70eaeElIJYL6jh2U3NMD7rRVgcNkA9NIwH5nwIgIluOfduNmau0f7UuXAbNzMKd
W2kqx1T1UKAyQdpzCSU=
-----END CERTIFICATE-----
n≥_≥3p}¬d0[‚”Sy´&cNıHÆ¿
¡ßªß‘8
Applicationƒ8∆6
Node1MSPπ6õ4
MSPì4à4Ö4
Node1MSPÆ-----BEGIN CERTIFICATE-----
MIICLDCCAdKgAwIBAgIIWj8XbftPTmIwCgYIKoZIzj0EAwIwXTELMAkGA1UEBhMC
Q04xEDAOBgNVBAgMB0JlaWppbmcxEDAOBgNVBAcMB0JlaWppbmcxDDAKBgNVBAoM
A0JzbjENMAsGA1UECwwEbm9kZTENMAsGA1UEAwwEcm9vdDAgFw0yMjA2MjgwOTIz
NTBaGA8yMTIyMDYyODA5MjM1MFowXTELMAkGA1UEBhMCQ04xEDAOBgNVBAgMB0Jl
aWppbmcxEDAOBgNVBAcMB0JlaWppbmcxDDAKBgNVBAoMA0JzbjENMAsGA1UECwwE
bm9kZTENMAsGA1UEAwwEcm9vdDBZMBMGByqGSM49AgEGCCqGSM49AwEHA0IABPZJ
1tvs9tPHYIMWveidHoDIAtzKeamxfc1rB/ZTzXQAUHzHGBYjeMISLZDtSUjbUcWD
PI+TxSHnS1XTX2HxeuKjejB4MBIGA1UdEwEB/wQIMAYBAf8CAQEwDgYDVR0PAQH/
BAQDAgEGMB0GA1UdDgQWBBTU24Sbxw7UCPS9M5ttZ8vsSXJ87DAfBgNVHSMEGDAW
gBTU24Sbxw7UCPS9M5ttZ8vsSXJ87DASBgNVHREECzAJggdjYS5ub2RlMAoGCCqG
SM49BAMCA0gAMEUCIQC+VCqGKyYqFgZNjdKvwb0qzfwH63hoSGbIvO6JAlHLTgIg
SFK/fhsfQU3ZRRM+LdQQx6U8ALIYhB2EjAmmbPOAzLc=
-----END CERTIFICATE-----
ú-----BEGIN CERTIFICATE-----
MIICfjCCAiWgAwIBAgIIRMFz5tNRRVQwCgYIKoZIzj0EAwIwXTELMAkGA1UEBhMC
Q04xEDAOBgNVBAgMB0JlaWppbmcxEDAOBgNVBAcMB0JlaWppbmcxDDAKBgNVBAoM
A0JzbjENMAsGA1UECwwEbm9kZTENMAsGA1UEAwwEcm9vdDAgFw0yMjA2MjgwOTIz
NTFaGA8yMTIyMDYyODA5MjM1MVowgZgxCzAJBgNVBAYTAkNOMRAwDgYDVQQIDAdC
ZWlqaW5nMRAwDgYDVQQHDAdCZWlqaW5nMQwwCgYDVQQKDANCc24xDjAMBgNVBAsM
BW5vZGUxMRAwDgYDVQQLDAdwcml2YXRlMRAwDgYDVQQLDAdic25iYXNlMQwwCgYD
VQQLDANjb20xFTATBgNVBAMMDG5vZGUxLXIxLWljYTBZMBMGByqGSM49AgEGCCqG
SM49AwEHA0IABGVFuIGaSlxNz7AeG71Pj7wsCNIP7Lqg/qr2Qp+B4GLoX4iPdLHD
XtRg4jtwSyxFql7pktuF4NqbS8zqWFh+ANajgZAwgY0wEgYDVR0TAQH/BAgwBgEB
/wIBADAOBgNVHQ8BAf8EBAMCAQYwHQYDVR0OBBYEFOEi1aBNLj/nYDK+UBSPH6r2
IPSaMB8GA1UdIwQYMBaAFNTbhJvHDtQI9L0zm21ny+xJcnzsMCcGA1UdEQQgMB6C
HGNhLm5vZGUxLnByaXZhdGUuYnNuYmFzZS5jb20wCgYIKoZIzj0EAwIDRwAwRAIg
MoBfHx0z0OyXquc3zj/VgJscjUrz68rFFDsrugUKFv8CIHU14HZmUEmfLNKqUJKS
AAjtHvnGoE4DxlayxGBe+3SR
-----END CERTIFICATE-----
"Ò	-----BEGIN CERTIFICATE-----
MIIDeTCCAx+gAwIBAgIIdF9J8cp3R+gwCgYIKoZIzj0EAwIwgZgxCzAJBgNVBAYT
AkNOMRAwDgYDVQQIDAdCZWlqaW5nMRAwDgYDVQQHDAdCZWlqaW5nMQwwCgYDVQQK
DANCc24xDjAMBgNVBAsMBW5vZGUxMRAwDgYDVQQLDAdwcml2YXRlMRAwDgYDVQQL
DAdic25iYXNlMQwwCgYDVQQLDANjb20xFTATBgNVBAMMDG5vZGUxLXIxLWljYTAg
Fw0yMjA2MjgwOTIzNTFaGA8yMTIyMDYyODA5MjM1MVowgbwxCzAJBgNVBAYTAkNO
MRAwDgYDVQQIDAdCZWlqaW5nMRAwDgYDVQQHDAdCZWlqaW5nMQwwCgYDVQQKDANC
c24xDzANBgNVBAsMBmNsaWVudDEOMAwGA1UECwwFbm9kZTExEDAOBgNVBAsMB3By
aXZhdGUxEDAOBgNVBAsMB2JzbmJhc2UxDDAKBgNVBAsMA2NvbTEoMCYGA1UEAwwf
QWRtaW5Abm9kZTEucHJpdmF0ZS5ic25iYXNlLmNvbTBZMBMGByqGSM49AgEGCCqG
SM49AwEHA0IABG936NMr3BopoHrbY4knkki4K+LTiE/pclSS+sh5cy43kRQhEpc/
CZCGlNlyqR0IaLxmgs/+JRcfiurL8uzwOjSjggEpMIIBJTAMBgNVHRMBAf8EAjAA
MA4GA1UdDwEB/wQEAwIHgDAdBgNVHQ4EFgQUWoLiK5MNi8+zBvMMFSLgEKACV+8w
HwYDVR0jBBgwFoAU4SLVoE0uP+dgMr5QFI8fqvYg9JowJwYDVR0RBCAwHoIcY2Eu
bm9kZTEucHJpdmF0ZS5ic25iYXNlLmNvbTCBmwYIKgMEBQYHCAEEgY57ImF0dHJz
Ijp7InJvbGUiOiJhZG1pbiIsImhmLkFmZmlsaWF0aW9uIjoibm9kZTEucHJpdmF0
ZS5ic25iYXNlLmNvbSIsImhmLkVucm9sbG1lbnRJRCI6IkFkbWluQG5vZGUxLnBy
aXZhdGUuYnNuYmFzZS5jb20iLCJoZi5UeXBlIjoiY2xpZW50In19MAoGCCqGSM49
BAMCA0gAMEUCIQDJku+OLO/eO31//aWT/fMOHgUn2tTCMGevvn7J+DnNdwIgKvrH
8gZaaQOUlnIA98q4lLRS8JT8PW6VRYCBgBnkBRo=
-----END CERTIFICATE-----
B
SHA2SHA256JÆ-----BEGIN CERTIFICATE-----
MIICLDCCAdKgAwIBAgIIWj8XbftPTmIwCgYIKoZIzj0EAwIwXTELMAkGA1UEBhMC
Q04xEDAOBgNVBAgMB0JlaWppbmcxEDAOBgNVBAcMB0JlaWppbmcxDDAKBgNVBAoM
A0JzbjENMAsGA1UECwwEbm9kZTENMAsGA1UEAwwEcm9vdDAgFw0yMjA2MjgwOTIz
NTBaGA8yMTIyMDYyODA5MjM1MFowXTELMAkGA1UEBhMCQ04xEDAOBgNVBAgMB0Jl
aWppbmcxEDAOBgNVBAcMB0JlaWppbmcxDDAKBgNVBAoMA0JzbjENMAsGA1UECwwE
bm9kZTENMAsGA1UEAwwEcm9vdDBZMBMGByqGSM49AgEGCCqGSM49AwEHA0IABPZJ
1tvs9tPHYIMWveidHoDIAtzKeamxfc1rB/ZTzXQAUHzHGBYjeMISLZDtSUjbUcWD
PI+TxSHnS1XTX2HxeuKjejB4MBIGA1UdEwEB/wQIMAYBAf8CAQEwDgYDVR0PAQH/
BAQDAgEGMB0GA1UdDgQWBBTU24Sbxw7UCPS9M5ttZ8vsSXJ87DAfBgNVHSMEGDAW
gBTU24Sbxw7UCPS9M5ttZ8vsSXJ87DASBgNVHREECzAJggdjYS5ub2RlMAoGCCqG
SM49BAMCA0gAMEUCIQC+VCqGKyYqFgZNjdKvwb0qzfwH63hoSGbIvO6JAlHLTgIg
SFK/fhsfQU3ZRRM+LdQQx6U8ALIYhB2EjAmmbPOAzLc=
-----END CERTIFICATE-----
Rú-----BEGIN CERTIFICATE-----
MIICfjCCAiWgAwIBAgIIRMFz5tNRRVQwCgYIKoZIzj0EAwIwXTELMAkGA1UEBhMC
Q04xEDAOBgNVBAgMB0JlaWppbmcxEDAOBgNVBAcMB0JlaWppbmcxDDAKBgNVBAoM
A0JzbjENMAsGA1UECwwEbm9kZTENMAsGA1UEAwwEcm9vdDAgFw0yMjA2MjgwOTIz
NTFaGA8yMTIyMDYyODA5MjM1MVowgZgxCzAJBgNVBAYTAkNOMRAwDgYDVQQIDAdC
ZWlqaW5nMRAwDgYDVQQHDAdCZWlqaW5nMQwwCgYDVQQKDANCc24xDjAMBgNVBAsM
BW5vZGUxMRAwDgYDVQQLDAdwcml2YXRlMRAwDgYDVQQLDAdic25iYXNlMQwwCgYD
VQQLDANjb20xFTATBgNVBAMMDG5vZGUxLXIxLWljYTBZMBMGByqGSM49AgEGCCqG
SM49AwEHA0IABGVFuIGaSlxNz7AeG71Pj7wsCNIP7Lqg/qr2Qp+B4GLoX4iPdLHD
XtRg4jtwSyxFql7pktuF4NqbS8zqWFh+ANajgZAwgY0wEgYDVR0TAQH/BAgwBgEB
/wIBADAOBgNVHQ8BAf8EBAMCAQYwHQYDVR0OBBYEFOEi1aBNLj/nYDK+UBSPH6r2
IPSaMB8GA1UdIwQYMBaAFNTbhJvHDtQI9L0zm21ny+xJcnzsMCcGA1UdEQQgMB6C
HGNhLm5vZGUxLnByaXZhdGUuYnNuYmFzZS5jb20wCgYIKoZIzj0EAwIDRwAwRAIg
MoBfHx0z0OyXquc3zj/VgJscjUrz68rFFDsrugUKFv8CIHU14HZmUEmfLNKqUJKS
AAjtHvnGoE4DxlayxGBe+3SR
-----END CERTIFICATE-----
Z‘ß
ú-----BEGIN CERTIFICATE-----
MIICfjCCAiWgAwIBAgIIRMFz5tNRRVQwCgYIKoZIzj0EAwIwXTELMAkGA1UEBhMC
Q04xEDAOBgNVBAgMB0JlaWppbmcxEDAOBgNVBAcMB0JlaWppbmcxDDAKBgNVBAoM
A0JzbjENMAsGA1UECwwEbm9kZTENMAsGA1UEAwwEcm9vdDAgFw0yMjA2MjgwOTIz
NTFaGA8yMTIyMDYyODA5MjM1MVowgZgxCzAJBgNVBAYTAkNOMRAwDgYDVQQIDAdC
ZWlqaW5nMRAwDgYDVQQHDAdCZWlqaW5nMQwwCgYDVQQKDANCc24xDjAMBgNVBAsM
BW5vZGUxMRAwDgYDVQQLDAdwcml2YXRlMRAwDgYDVQQLDAdic25iYXNlMQwwCgYD
VQQLDANjb20xFTATBgNVBAMMDG5vZGUxLXIxLWljYTBZMBMGByqGSM49AgEGCCqG
SM49AwEHA0IABGVFuIGaSlxNz7AeG71Pj7wsCNIP7Lqg/qr2Qp+B4GLoX4iPdLHD
XtRg4jtwSyxFql7pktuF4NqbS8zqWFh+ANajgZAwgY0wEgYDVR0TAQH/BAgwBgEB
/wIBADAOBgNVHQ8BAf8EBAMCAQYwHQYDVR0OBBYEFOEi1aBNLj/nYDK+UBSPH6r2
IPSaMB8GA1UdIwQYMBaAFNTbhJvHDtQI9L0zm21ny+xJcnzsMCcGA1UdEQQgMB6C
HGNhLm5vZGUxLnByaXZhdGUuYnNuYmFzZS5jb20wCgYIKoZIzj0EAwIDRwAwRAIg
MoBfHx0z0OyXquc3zj/VgJscjUrz68rFFDsrugUKFv8CIHU14HZmUEmfLNKqUJKS
AAjtHvnGoE4DxlayxGBe+3SR
-----END CERTIFICATE-----
client•
ú-----BEGIN CERTIFICATE-----
MIICfjCCAiWgAwIBAgIIRMFz5tNRRVQwCgYIKoZIzj0EAwIwXTELMAkGA1UEBhMC
Q04xEDAOBgNVBAgMB0JlaWppbmcxEDAOBgNVBAcMB0JlaWppbmcxDDAKBgNVBAoM
A0JzbjENMAsGA1UECwwEbm9kZTENMAsGA1UEAwwEcm9vdDAgFw0yMjA2MjgwOTIz
NTFaGA8yMTIyMDYyODA5MjM1MVowgZgxCzAJBgNVBAYTAkNOMRAwDgYDVQQIDAdC
ZWlqaW5nMRAwDgYDVQQHDAdCZWlqaW5nMQwwCgYDVQQKDANCc24xDjAMBgNVBAsM
BW5vZGUxMRAwDgYDVQQLDAdwcml2YXRlMRAwDgYDVQQLDAdic25iYXNlMQwwCgYD
VQQLDANjb20xFTATBgNVBAMMDG5vZGUxLXIxLWljYTBZMBMGByqGSM49AgEGCCqG
SM49AwEHA0IABGVFuIGaSlxNz7AeG71Pj7wsCNIP7Lqg/qr2Qp+B4GLoX4iPdLHD
XtRg4jtwSyxFql7pktuF4NqbS8zqWFh+ANajgZAwgY0wEgYDVR0TAQH/BAgwBgEB
/wIBADAOBgNVHQ8BAf8EBAMCAQYwHQYDVR0OBBYEFOEi1aBNLj/nYDK+UBSPH6r2
IPSaMB8GA1UdIwQYMBaAFNTbhJvHDtQI9L0zm21ny+xJcnzsMCcGA1UdEQQgMB6C
HGNhLm5vZGUxLnByaXZhdGUuYnNuYmFzZS5jb20wCgYIKoZIzj0EAwIDRwAwRAIg
MoBfHx0z0OyXquc3zj/VgJscjUrz68rFFDsrugUKFv8CIHU14HZmUEmfLNKqUJKS
AAjtHvnGoE4DxlayxGBe+3SR
-----END CERTIFICATE-----
peerAdmins"[
ReadersPFB 
Node1MSP
Node1MSP
Node1MSPAdmins"G
Writers<2.
 
Node1MSP
Node1MSPAdmins"2
Admins( 
Node1MSPAdmins"7
Endorsement( 
Node1MSPAdmins*Admins$
Capabilities


V2_5 Admins" 
Admins
AdminsAdmins"*
Endorsement
EndorsementAdmins"3
LifecycleEndorsement
EndorsementAdmins""
Readers	
ReadersAdmins""
Writers	
WritersAdmins*Adminsék
OrdererÇkπ'

OrdererOrg™'ˇ%
MSP˜%Ï%È%

OrdererMSPÆ-----BEGIN CERTIFICATE-----
MIICLDCCAdKgAwIBAgIIWj8XbftPTmIwCgYIKoZIzj0EAwIwXTELMAkGA1UEBhMC
Q04xEDAOBgNVBAgMB0JlaWppbmcxEDAOBgNVBAcMB0JlaWppbmcxDDAKBgNVBAoM
A0JzbjENMAsGA1UECwwEbm9kZTENMAsGA1UEAwwEcm9vdDAgFw0yMjA2MjgwOTIz
NTBaGA8yMTIyMDYyODA5MjM1MFowXTELMAkGA1UEBhMCQ04xEDAOBgNVBAgMB0Jl
aWppbmcxEDAOBgNVBAcMB0JlaWppbmcxDDAKBgNVBAoMA0JzbjENMAsGA1UECwwE
bm9kZTENMAsGA1UEAwwEcm9vdDBZMBMGByqGSM49AgEGCCqGSM49AwEHA0IABPZJ
1tvs9tPHYIMWveidHoDIAtzKeamxfc1rB/ZTzXQAUHzHGBYjeMISLZDtSUjbUcWD
PI+TxSHnS1XTX2HxeuKjejB4MBIGA1UdEwEB/wQIMAYBAf8CAQEwDgYDVR0PAQH/
BAQDAgEGMB0GA1UdDgQWBBTU24Sbxw7UCPS9M5ttZ8vsSXJ87DAfBgNVHSMEGDAW
gBTU24Sbxw7UCPS9M5ttZ8vsSXJ87DASBgNVHREECzAJggdjYS5ub2RlMAoGCCqG
SM49BAMCA0gAMEUCIQC+VCqGKyYqFgZNjdKvwb0qzfwH63hoSGbIvO6JAlHLTgIg
SFK/fhsfQU3ZRRM+LdQQx6U8ALIYhB2EjAmmbPOAzLc=
-----END CERTIFICATE-----
®-----BEGIN CERTIFICATE-----
MIIChzCCAi2gAwIBAgIIfUHbwSZxRV8wCgYIKoZIzj0EAwIwXTELMAkGA1UEBhMC
Q04xEDAOBgNVBAgMB0JlaWppbmcxEDAOBgNVBAcMB0JlaWppbmcxDDAKBgNVBAoM
A0JzbjENMAsGA1UECwwEbm9kZTENMAsGA1UEAwwEcm9vdDAgFw0yMjA2MjgwOTIz
NTBaGA8yMTIyMDYyODA5MjM1MFowgZwxCzAJBgNVBAYTAkNOMRAwDgYDVQQIDAdC
ZWlqaW5nMRAwDgYDVQQHDAdCZWlqaW5nMQwwCgYDVQQKDANCc24xEjAQBgNVBAsM
CW9yZGVybm9kZTEQMA4GA1UECwwHcHJpdmF0ZTEQMA4GA1UECwwHYnNuYmFzZTEM
MAoGA1UECwwDY29tMRUwEwYDVQQDDAxvcmRlci1yMS1pY2EwWTATBgcqhkjOPQIB
BggqhkjOPQMBBwNCAATAPi7jLaaCQwsAfzLLwt4Zm37eiGOKVfevGdzgIsFIbFDm
qvXfU6RimKGPElZOXLOqCV3Wze3xGGrN8iFSNiEho4GUMIGRMBIGA1UdEwEB/wQI
MAYBAf8CAQAwDgYDVR0PAQH/BAQDAgEGMB0GA1UdDgQWBBQMxv9aUAB9hfqXrzAk
LMAokYAXfjAfBgNVHSMEGDAWgBTU24Sbxw7UCPS9M5ttZ8vsSXJ87DArBgNVHREE
JDAigiBjYS5vcmRlcm5vZGUucHJpdmF0ZS5ic25iYXNlLmNvbTAKBggqhkjOPQQD
AgNIADBFAiEAoqf9/RfIZjhEGwJeTnJKGRdFL2C8yzVIAaJtB5Y3guYCIGbJgpM1
Js4jHcSmuhkIzly2rgnzpFudQ3cjl/cQKpzY
-----END CERTIFICATE-----
"í
-----BEGIN CERTIFICATE-----
MIIDkDCCAzegAwIBAgIIPaSD07yvQHswCgYIKoZIzj0EAwIwgZwxCzAJBgNVBAYT
AkNOMRAwDgYDVQQIDAdCZWlqaW5nMRAwDgYDVQQHDAdCZWlqaW5nMQwwCgYDVQQK
DANCc24xEjAQBgNVBAsMCW9yZGVybm9kZTEQMA4GA1UECwwHcHJpdmF0ZTEQMA4G
A1UECwwHYnNuYmFzZTEMMAoGA1UECwwDY29tMRUwEwYDVQQDDAxvcmRlci1yMS1p
Y2EwIBcNMjIwNjI4MDkyMzUwWhgPMjEyMjA2MjgwOTIzNTBaMIHEMQswCQYDVQQG
EwJDTjEQMA4GA1UECAwHQmVpamluZzEQMA4GA1UEBwwHQmVpamluZzEMMAoGA1UE
CgwDQnNuMQ8wDQYDVQQLDAZjbGllbnQxEjAQBgNVBAsMCW9yZGVybm9kZTEQMA4G
A1UECwwHcHJpdmF0ZTEQMA4GA1UECwwHYnNuYmFzZTEMMAoGA1UECwwDY29tMSww
KgYDVQQDDCNBZG1pbkBvcmRlcm5vZGUucHJpdmF0ZS5ic25iYXNlLmNvbTBZMBMG
ByqGSM49AgEGCCqGSM49AwEHA0IABBFK3Ujkcoyl8bHkeimta4RwpaD+gg79tHu3
cqtLEjDoY1NKh+M90nxndjTNw7CyTv5yTBp29FD9PKQb4IezL7ijggE1MIIBMTAM
BgNVHRMBAf8EAjAAMA4GA1UdDwEB/wQEAwIHgDAdBgNVHQ4EFgQU3V24vBR1OXUj
GwiFw7YI+gx5ui4wHwYDVR0jBBgwFoAUDMb/WlAAfYX6l68wJCzAKJGAF34wKwYD
VR0RBCQwIoIgY2Eub3JkZXJub2RlLnByaXZhdGUuYnNuYmFzZS5jb20wgaMGCCoD
BAUGBwgBBIGWeyJhdHRycyI6eyJyb2xlIjoiYWRtaW4iLCJoZi5BZmZpbGlhdGlv
biI6Im9yZGVybm9kZS5wcml2YXRlLmJzbmJhc2UuY29tIiwiaGYuRW5yb2xsbWVu
dElEIjoiQWRtaW5Ab3JkZXJub2RlLnByaXZhdGUuYnNuYmFzZS5jb20iLCJoZi5U
eXBlIjoiY2xpZW50In19MAoGCCqGSM49BAMCA0cAMEQCIDnce6E0O3oxJcz9gv6T
NFz8GG2HPt0fkycQ7wCcXw5LAiBq0XSyRszjTMre73NSfv5ylEfQOjfyuIn2vN1Z
919yLw==
-----END CERTIFICATE-----
B
SHA2SHA256JÆ-----BEGIN CERTIFICATE-----
MIICLDCCAdKgAwIBAgIIWj8XbftPTmIwCgYIKoZIzj0EAwIwXTELMAkGA1UEBhMC
Q04xEDAOBgNVBAgMB0JlaWppbmcxEDAOBgNVBAcMB0JlaWppbmcxDDAKBgNVBAoM
A0JzbjENMAsGA1UECwwEbm9kZTENMAsGA1UEAwwEcm9vdDAgFw0yMjA2MjgwOTIz
NTBaGA8yMTIyMDYyODA5MjM1MFowXTELMAkGA1UEBhMCQ04xEDAOBgNVBAgMB0Jl
aWppbmcxEDAOBgNVBAcMB0JlaWppbmcxDDAKBgNVBAoMA0JzbjENMAsGA1UECwwE
bm9kZTENMAsGA1UEAwwEcm9vdDBZMBMGByqGSM49AgEGCCqGSM49AwEHA0IABPZJ
1tvs9tPHYIMWveidHoDIAtzKeamxfc1rB/ZTzXQAUHzHGBYjeMISLZDtSUjbUcWD
PI+TxSHnS1XTX2HxeuKjejB4MBIGA1UdEwEB/wQIMAYBAf8CAQEwDgYDVR0PAQH/
BAQDAgEGMB0GA1UdDgQWBBTU24Sbxw7UCPS9M5ttZ8vsSXJ87DAfBgNVHSMEGDAW
gBTU24Sbxw7UCPS9M5ttZ8vsSXJ87DASBgNVHREECzAJggdjYS5ub2RlMAoGCCqG
SM49BAMCA0gAMEUCIQC+VCqGKyYqFgZNjdKvwb0qzfwH63hoSGbIvO6JAlHLTgIg
SFK/fhsfQU3ZRRM+LdQQx6U8ALIYhB2EjAmmbPOAzLc=
-----END CERTIFICATE-----
R®-----BEGIN CERTIFICATE-----
MIIChzCCAi2gAwIBAgIIfUHbwSZxRV8wCgYIKoZIzj0EAwIwXTELMAkGA1UEBhMC
Q04xEDAOBgNVBAgMB0JlaWppbmcxEDAOBgNVBAcMB0JlaWppbmcxDDAKBgNVBAoM
A0JzbjENMAsGA1UECwwEbm9kZTENMAsGA1UEAwwEcm9vdDAgFw0yMjA2MjgwOTIz
NTBaGA8yMTIyMDYyODA5MjM1MFowgZwxCzAJBgNVBAYTAkNOMRAwDgYDVQQIDAdC
ZWlqaW5nMRAwDgYDVQQHDAdCZWlqaW5nMQwwCgYDVQQKDANCc24xEjAQBgNVBAsM
CW9yZGVybm9kZTEQMA4GA1UECwwHcHJpdmF0ZTEQMA4GA1UECwwHYnNuYmFzZTEM
MAoGA1UECwwDY29tMRUwEwYDVQQDDAxvcmRlci1yMS1pY2EwWTATBgcqhkjOPQIB
BggqhkjOPQMBBwNCAATAPi7jLaaCQwsAfzLLwt4Zm37eiGOKVfevGdzgIsFIbFDm
qvXfU6RimKGPElZOXLOqCV3Wze3xGGrN8iFSNiEho4GUMIGRMBIGA1UdEwEB/wQI
MAYBAf8CAQAwDgYDVR0PAQH/BAQDAgEGMB0GA1UdDgQWBBQMxv9aUAB9hfqXrzAk
LMAokYAXfjAfBgNVHSMEGDAWgBTU24Sbxw7UCPS9M5ttZ8vsSXJ87DArBgNVHREE
JDAigiBjYS5vcmRlcm5vZGUucHJpdmF0ZS5ic25iYXNlLmNvbTAKBggqhkjOPQQD
AgNIADBFAiEAoqf9/RfIZjhEGwJeTnJKGRdFL2C8yzVIAaJtB5Y3guYCIGbJgpM1
Js4jHcSmuhkIzly2rgnzpFudQ3cjl/cQKpzY
-----END CERTIFICATE-----
Admins"4
Admins*  

OrdererMSPAdmins"3
Readers( 

OrdererMSPAdmins"3
Writers( 

OrdererMSPAdmins*Admins
ChannelRestrictionsAdmins$
Capabilities


V2_0 AdminsõA
ConsensusTypeâA˛@
etcdraftÒ@
ƒ
$order1.ordernode.private.bsnbase.comõÖ 
-----BEGIN CERTIFICATE-----
MIIDvDCCA2OgAwIBAgIISjb03iUIRNgwCgYIKoZIzj0EAwIwgZwxCzAJBgNVBAYT
AkNOMRAwDgYDVQQIDAdCZWlqaW5nMRAwDgYDVQQHDAdCZWlqaW5nMQwwCgYDVQQK
DANCc24xEjAQBgNVBAsMCW9yZGVybm9kZTEQMA4GA1UECwwHcHJpdmF0ZTEQMA4G
A1UECwwHYnNuYmFzZTEMMAoGA1UECwwDY29tMRUwEwYDVQQDDAxvcmRlci1yMS1p
Y2EwIBcNMjIwNjI4MDkyMzUwWhgPMjEyMjA2MjgwOTIzNTBaMIHGMQswCQYDVQQG
EwJDTjEQMA4GA1UECAwHQmVpamluZzEQMA4GA1UEBwwHQmVpamluZzEMMAoGA1UE
CgwDQnNuMRAwDgYDVQQLDAdvcmRlcmVyMRIwEAYDVQQLDAlvcmRlcm5vZGUxEDAO
BgNVBAsMB3ByaXZhdGUxEDAOBgNVBAsMB2JzbmJhc2UxDDAKBgNVBAsMA2NvbTEt
MCsGA1UEAwwkb3JkZXIxLm9yZGVybm9kZS5wcml2YXRlLmJzbmJhc2UuY29tMFkw
EwYHKoZIzj0CAQYIKoZIzj0DAQcDQgAEWRTMVWGA/pU5o2sRZGuUBn3hCZb0FdVF
E0LJ25VsLRD1Vy3+DyzUqn5whkXJ4UdLHGURsYKONqXD7A4NEIncyKOCAV8wggFb
MAwGA1UdEwEB/wQCMAAwDgYDVR0PAQH/BAQDAgOoMCAGA1UdJQEB/wQWMBQGCCsG
AQUFBwMBBggrBgEFBQcDAjAdBgNVHQ4EFgQUQqlCyFFsA/ddrNMlQUzwUkxfY/8w
HwYDVR0jBBgwFoAUDMb/WlAAfYX6l68wJCzAKJGAF34wLwYDVR0RBCgwJoIkb3Jk
ZXIxLm9yZGVybm9kZS5wcml2YXRlLmJzbmJhc2UuY29tMIGnBggqAwQFBgcIAQSB
mnsiYXR0cnMiOnsicm9sZSI6Im9yZGVyZXIiLCJoZi5BZmZpbGlhdGlvbiI6Im9y
ZGVybm9kZS5wcml2YXRlLmJzbmJhc2UuY29tIiwiaGYuRW5yb2xsbWVudElEIjoi
b3JkZXIxLm9yZGVybm9kZS5wcml2YXRlLmJzbmJhc2UuY29tIiwiaGYuVHlwZSI6
Im9yZGVyZXIifX0wCgYIKoZIzj0EAwIDRwAwRAIgYyl2AmOToP5R32W1lpe/H50Z
clUXCzQBmp1V5Fy/DbUCIFAvWUMSBtco2+B7zDr1TTtS5xveszV/Z+LWAcQKpK+2
-----END CERTIFICATE-----
" 
-----BEGIN CERTIFICATE-----
MIIDvDCCA2OgAwIBAgIISjb03iUIRNgwCgYIKoZIzj0EAwIwgZwxCzAJBgNVBAYT
AkNOMRAwDgYDVQQIDAdCZWlqaW5nMRAwDgYDVQQHDAdCZWlqaW5nMQwwCgYDVQQK
DANCc24xEjAQBgNVBAsMCW9yZGVybm9kZTEQMA4GA1UECwwHcHJpdmF0ZTEQMA4G
A1UECwwHYnNuYmFzZTEMMAoGA1UECwwDY29tMRUwEwYDVQQDDAxvcmRlci1yMS1p
Y2EwIBcNMjIwNjI4MDkyMzUwWhgPMjEyMjA2MjgwOTIzNTBaMIHGMQswCQYDVQQG
EwJDTjEQMA4GA1UECAwHQmVpamluZzEQMA4GA1UEBwwHQmVpamluZzEMMAoGA1UE
CgwDQnNuMRAwDgYDVQQLDAdvcmRlcmVyMRIwEAYDVQQLDAlvcmRlcm5vZGUxEDAO
BgNVBAsMB3ByaXZhdGUxEDAOBgNVBAsMB2JzbmJhc2UxDDAKBgNVBAsMA2NvbTEt
MCsGA1UEAwwkb3JkZXIxLm9yZGVybm9kZS5wcml2YXRlLmJzbmJhc2UuY29tMFkw
EwYHKoZIzj0CAQYIKoZIzj0DAQcDQgAEWRTMVWGA/pU5o2sRZGuUBn3hCZb0FdVF
E0LJ25VsLRD1Vy3+DyzUqn5whkXJ4UdLHGURsYKONqXD7A4NEIncyKOCAV8wggFb
MAwGA1UdEwEB/wQCMAAwDgYDVR0PAQH/BAQDAgOoMCAGA1UdJQEB/wQWMBQGCCsG
AQUFBwMBBggrBgEFBQcDAjAdBgNVHQ4EFgQUQqlCyFFsA/ddrNMlQUzwUkxfY/8w
HwYDVR0jBBgwFoAUDMb/WlAAfYX6l68wJCzAKJGAF34wLwYDVR0RBCgwJoIkb3Jk
ZXIxLm9yZGVybm9kZS5wcml2YXRlLmJzbmJhc2UuY29tMIGnBggqAwQFBgcIAQSB
mnsiYXR0cnMiOnsicm9sZSI6Im9yZGVyZXIiLCJoZi5BZmZpbGlhdGlvbiI6Im9y
ZGVybm9kZS5wcml2YXRlLmJzbmJhc2UuY29tIiwiaGYuRW5yb2xsbWVudElEIjoi
b3JkZXIxLm9yZGVybm9kZS5wcml2YXRlLmJzbmJhc2UuY29tIiwiaGYuVHlwZSI6
Im9yZGVyZXIifX0wCgYIKoZIzj0EAwIDRwAwRAIgYyl2AmOToP5R32W1lpe/H50Z
clUXCzQBmp1V5Fy/DbUCIFAvWUMSBtco2+B7zDr1TTtS5xveszV/Z+LWAcQKpK+2
-----END CERTIFICATE-----

Œ
$order2.ordernode.private.bsnbase.comúÖœ
-----BEGIN CERTIFICATE-----
MIIDvTCCA2OgAwIBAgIIVvRXIRN+QhAwCgYIKoZIzj0EAwIwgZwxCzAJBgNVBAYT
AkNOMRAwDgYDVQQIDAdCZWlqaW5nMRAwDgYDVQQHDAdCZWlqaW5nMQwwCgYDVQQK
DANCc24xEjAQBgNVBAsMCW9yZGVybm9kZTEQMA4GA1UECwwHcHJpdmF0ZTEQMA4G
A1UECwwHYnNuYmFzZTEMMAoGA1UECwwDY29tMRUwEwYDVQQDDAxvcmRlci1yMS1p
Y2EwIBcNMjIwNjI4MDkyMzUwWhgPMjEyMjA2MjgwOTIzNTBaMIHGMQswCQYDVQQG
EwJDTjEQMA4GA1UECAwHQmVpamluZzEQMA4GA1UEBwwHQmVpamluZzEMMAoGA1UE
CgwDQnNuMRAwDgYDVQQLDAdvcmRlcmVyMRIwEAYDVQQLDAlvcmRlcm5vZGUxEDAO
BgNVBAsMB3ByaXZhdGUxEDAOBgNVBAsMB2JzbmJhc2UxDDAKBgNVBAsMA2NvbTEt
MCsGA1UEAwwkb3JkZXIyLm9yZGVybm9kZS5wcml2YXRlLmJzbmJhc2UuY29tMFkw
EwYHKoZIzj0CAQYIKoZIzj0DAQcDQgAE+eGE3/SVzShUY+STZBOdcsE712iY8oie
3oEEdSknKEevUlsen/mVAGtocFiUrf9qFJIXTMfixDIfsJGpLw0/b6OCAV8wggFb
MAwGA1UdEwEB/wQCMAAwDgYDVR0PAQH/BAQDAgOoMCAGA1UdJQEB/wQWMBQGCCsG
AQUFBwMBBggrBgEFBQcDAjAdBgNVHQ4EFgQUuMtmwJZwy6yaFkhC3Dk60UkxCjAw
HwYDVR0jBBgwFoAUDMb/WlAAfYX6l68wJCzAKJGAF34wLwYDVR0RBCgwJoIkb3Jk
ZXIyLm9yZGVybm9kZS5wcml2YXRlLmJzbmJhc2UuY29tMIGnBggqAwQFBgcIAQSB
mnsiYXR0cnMiOnsicm9sZSI6Im9yZGVyZXIiLCJoZi5BZmZpbGlhdGlvbiI6Im9y
ZGVybm9kZS5wcml2YXRlLmJzbmJhc2UuY29tIiwiaGYuRW5yb2xsbWVudElEIjoi
b3JkZXIyLm9yZGVybm9kZS5wcml2YXRlLmJzbmJhc2UuY29tIiwiaGYuVHlwZSI6
Im9yZGVyZXIifX0wCgYIKoZIzj0EAwIDSAAwRQIhAPp2umXqJyP905kDalnJzRDG
StJcERM1INyA8pqRr6L4AiB7i39m4J0lVgNaLeFBTImdG1bydTTn6/bxY364aEJ7
cQ==
-----END CERTIFICATE-----
"œ
-----BEGIN CERTIFICATE-----
MIIDvTCCA2OgAwIBAgIIVvRXIRN+QhAwCgYIKoZIzj0EAwIwgZwxCzAJBgNVBAYT
AkNOMRAwDgYDVQQIDAdCZWlqaW5nMRAwDgYDVQQHDAdCZWlqaW5nMQwwCgYDVQQK
DANCc24xEjAQBgNVBAsMCW9yZGVybm9kZTEQMA4GA1UECwwHcHJpdmF0ZTEQMA4G
A1UECwwHYnNuYmFzZTEMMAoGA1UECwwDY29tMRUwEwYDVQQDDAxvcmRlci1yMS1p
Y2EwIBcNMjIwNjI4MDkyMzUwWhgPMjEyMjA2MjgwOTIzNTBaMIHGMQswCQYDVQQG
EwJDTjEQMA4GA1UECAwHQmVpamluZzEQMA4GA1UEBwwHQmVpamluZzEMMAoGA1UE
CgwDQnNuMRAwDgYDVQQLDAdvcmRlcmVyMRIwEAYDVQQLDAlvcmRlcm5vZGUxEDAO
BgNVBAsMB3ByaXZhdGUxEDAOBgNVBAsMB2JzbmJhc2UxDDAKBgNVBAsMA2NvbTEt
MCsGA1UEAwwkb3JkZXIyLm9yZGVybm9kZS5wcml2YXRlLmJzbmJhc2UuY29tMFkw
EwYHKoZIzj0CAQYIKoZIzj0DAQcDQgAE+eGE3/SVzShUY+STZBOdcsE712iY8oie
3oEEdSknKEevUlsen/mVAGtocFiUrf9qFJIXTMfixDIfsJGpLw0/b6OCAV8wggFb
MAwGA1UdEwEB/wQCMAAwDgYDVR0PAQH/BAQDAgOoMCAGA1UdJQEB/wQWMBQGCCsG
AQUFBwMBBggrBgEFBQcDAjAdBgNVHQ4EFgQUuMtmwJZwy6yaFkhC3Dk60UkxCjAw
HwYDVR0jBBgwFoAUDMb/WlAAfYX6l68wJCzAKJGAF34wLwYDVR0RBCgwJoIkb3Jk
ZXIyLm9yZGVybm9kZS5wcml2YXRlLmJzbmJhc2UuY29tMIGnBggqAwQFBgcIAQSB
mnsiYXR0cnMiOnsicm9sZSI6Im9yZGVyZXIiLCJoZi5BZmZpbGlhdGlvbiI6Im9y
ZGVybm9kZS5wcml2YXRlLmJzbmJhc2UuY29tIiwiaGYuRW5yb2xsbWVudElEIjoi
b3JkZXIyLm9yZGVybm9kZS5wcml2YXRlLmJzbmJhc2UuY29tIiwiaGYuVHlwZSI6
Im9yZGVyZXIifX0wCgYIKoZIzj0EAwIDSAAwRQIhAPp2umXqJyP905kDalnJzRDG
StJcERM1INyA8pqRr6L4AiB7i39m4J0lVgNaLeFBTImdG1bydTTn6/bxY364aEJ7
cQ==
-----END CERTIFICATE-----

ƒ
$order3.ordernode.private.bsnbase.comùÖ 
-----BEGIN CERTIFICATE-----
MIIDvDCCA2OgAwIBAgIIO3gkEep2SnYwCgYIKoZIzj0EAwIwgZwxCzAJBgNVBAYT
AkNOMRAwDgYDVQQIDAdCZWlqaW5nMRAwDgYDVQQHDAdCZWlqaW5nMQwwCgYDVQQK
DANCc24xEjAQBgNVBAsMCW9yZGVybm9kZTEQMA4GA1UECwwHcHJpdmF0ZTEQMA4G
A1UECwwHYnNuYmFzZTEMMAoGA1UECwwDY29tMRUwEwYDVQQDDAxvcmRlci1yMS1p
Y2EwIBcNMjIwNjI4MDkyMzUxWhgPMjEyMjA2MjgwOTIzNTFaMIHGMQswCQYDVQQG
EwJDTjEQMA4GA1UECAwHQmVpamluZzEQMA4GA1UEBwwHQmVpamluZzEMMAoGA1UE
CgwDQnNuMRAwDgYDVQQLDAdvcmRlcmVyMRIwEAYDVQQLDAlvcmRlcm5vZGUxEDAO
BgNVBAsMB3ByaXZhdGUxEDAOBgNVBAsMB2JzbmJhc2UxDDAKBgNVBAsMA2NvbTEt
MCsGA1UEAwwkb3JkZXIzLm9yZGVybm9kZS5wcml2YXRlLmJzbmJhc2UuY29tMFkw
EwYHKoZIzj0CAQYIKoZIzj0DAQcDQgAEVSak6QHEWBIYyKwUqyg7hJu9Zg2Wogzf
WnY0Uk/BUKDvRDP2UJun5KCeEkAGU4oASS7XduXcbGbCk06oL/xu2KOCAV8wggFb
MAwGA1UdEwEB/wQCMAAwDgYDVR0PAQH/BAQDAgOoMCAGA1UdJQEB/wQWMBQGCCsG
AQUFBwMBBggrBgEFBQcDAjAdBgNVHQ4EFgQUaInQK5Zb1lBxFuUkM20IFrHuOHQw
HwYDVR0jBBgwFoAUDMb/WlAAfYX6l68wJCzAKJGAF34wLwYDVR0RBCgwJoIkb3Jk
ZXIzLm9yZGVybm9kZS5wcml2YXRlLmJzbmJhc2UuY29tMIGnBggqAwQFBgcIAQSB
mnsiYXR0cnMiOnsicm9sZSI6Im9yZGVyZXIiLCJoZi5BZmZpbGlhdGlvbiI6Im9y
ZGVybm9kZS5wcml2YXRlLmJzbmJhc2UuY29tIiwiaGYuRW5yb2xsbWVudElEIjoi
b3JkZXIzLm9yZGVybm9kZS5wcml2YXRlLmJzbmJhc2UuY29tIiwiaGYuVHlwZSI6
Im9yZGVyZXIifX0wCgYIKoZIzj0EAwIDRwAwRAIgZ5M/0sH+H609OPIPHPaugxHh
WWOW9WmttM01otp6oRoCIG+RJFGGTvEKn5JYWU7mjsg9es0QyskwJeDuFMV4Vi1i
-----END CERTIFICATE-----
" 
-----BEGIN CERTIFICATE-----
MIIDvDCCA2OgAwIBAgIIO3gkEep2SnYwCgYIKoZIzj0EAwIwgZwxCzAJBgNVBAYT
AkNOMRAwDgYDVQQIDAdCZWlqaW5nMRAwDgYDVQQHDAdCZWlqaW5nMQwwCgYDVQQK
DANCc24xEjAQBgNVBAsMCW9yZGVybm9kZTEQMA4GA1UECwwHcHJpdmF0ZTEQMA4G
A1UECwwHYnNuYmFzZTEMMAoGA1UECwwDY29tMRUwEwYDVQQDDAxvcmRlci1yMS1p
Y2EwIBcNMjIwNjI4MDkyMzUxWhgPMjEyMjA2MjgwOTIzNTFaMIHGMQswCQYDVQQG
EwJDTjEQMA4GA1UECAwHQmVpamluZzEQMA4GA1UEBwwHQmVpamluZzEMMAoGA1UE
CgwDQnNuMRAwDgYDVQQLDAdvcmRlcmVyMRIwEAYDVQQLDAlvcmRlcm5vZGUxEDAO
BgNVBAsMB3ByaXZhdGUxEDAOBgNVBAsMB2JzbmJhc2UxDDAKBgNVBAsMA2NvbTEt
MCsGA1UEAwwkb3JkZXIzLm9yZGVybm9kZS5wcml2YXRlLmJzbmJhc2UuY29tMFkw
EwYHKoZIzj0CAQYIKoZIzj0DAQcDQgAEVSak6QHEWBIYyKwUqyg7hJu9Zg2Wogzf
WnY0Uk/BUKDvRDP2UJun5KCeEkAGU4oASS7XduXcbGbCk06oL/xu2KOCAV8wggFb
MAwGA1UdEwEB/wQCMAAwDgYDVR0PAQH/BAQDAgOoMCAGA1UdJQEB/wQWMBQGCCsG
AQUFBwMBBggrBgEFBQcDAjAdBgNVHQ4EFgQUaInQK5Zb1lBxFuUkM20IFrHuOHQw
HwYDVR0jBBgwFoAUDMb/WlAAfYX6l68wJCzAKJGAF34wLwYDVR0RBCgwJoIkb3Jk
ZXIzLm9yZGVybm9kZS5wcml2YXRlLmJzbmJhc2UuY29tMIGnBggqAwQFBgcIAQSB
mnsiYXR0cnMiOnsicm9sZSI6Im9yZGVyZXIiLCJoZi5BZmZpbGlhdGlvbiI6Im9y
ZGVybm9kZS5wcml2YXRlLmJzbmJhc2UuY29tIiwiaGYuRW5yb2xsbWVudElEIjoi
b3JkZXIzLm9yZGVybm9kZS5wcml2YXRlLmJzbmJhc2UuY29tIiwiaGYuVHlwZSI6
Im9yZGVyZXIifX0wCgYIKoZIzj0EAwIDRwAwRAIgZ5M/0sH+H609OPIPHPaugxHh
WWOW9WmttM01otp6oRoCIG+RJFGGTvEKn5JYWU7mjsg9es0QyskwJeDuFMV4Vi1i
-----END CERTIFICATE-----

500ms
 (»Admins!
	BatchSize
êNÄ†ÄPAdmins
BatchTimeout
2sAdmins""
Writers	
WritersAdmins" 
Admins
AdminsAdmins"*
BlockValidation	
WritersAdmins""
Readers	
ReadersAdmins*Admins-
BlockDataHashingStructureˇˇˇˇAdminsµ
OrdererAddresses†Ñ
*order1.ordernode.private.bsnbase.com:17051
*order2.ordernode.private.bsnbase.com:17052
*order3.ordernode.private.bsnbase.com:17053/Channel/Orderer/Admins*

Consortium
SampleConsortiumAdmins$
Capabilities


V2_0 Admins&
HashingAlgorithm
SHA256Admins""
Writers	
WritersAdmins" 
Admins
AdminsAdmins""
Readers	
ReadersAdmins*AdminsÊ
ú
∞

˜∞’∂"hll8õ

˛	
Node1MSPÒ	-----BEGIN CERTIFICATE-----
MIIDeTCCAx+gAwIBAgIIdF9J8cp3R+gwCgYIKoZIzj0EAwIwgZgxCzAJBgNVBAYT
AkNOMRAwDgYDVQQIDAdCZWlqaW5nMRAwDgYDVQQHDAdCZWlqaW5nMQwwCgYDVQQK
DANCc24xDjAMBgNVBAsMBW5vZGUxMRAwDgYDVQQLDAdwcml2YXRlMRAwDgYDVQQL
DAdic25iYXNlMQwwCgYDVQQLDANjb20xFTATBgNVBAMMDG5vZGUxLXIxLWljYTAg
Fw0yMjA2MjgwOTIzNTFaGA8yMTIyMDYyODA5MjM1MVowgbwxCzAJBgNVBAYTAkNO
MRAwDgYDVQQIDAdCZWlqaW5nMRAwDgYDVQQHDAdCZWlqaW5nMQwwCgYDVQQKDANC
c24xDzANBgNVBAsMBmNsaWVudDEOMAwGA1UECwwFbm9kZTExEDAOBgNVBAsMB3By
aXZhdGUxEDAOBgNVBAsMB2JzbmJhc2UxDDAKBgNVBAsMA2NvbTEoMCYGA1UEAwwf
QWRtaW5Abm9kZTEucHJpdmF0ZS5ic25iYXNlLmNvbTBZMBMGByqGSM49AgEGCCqG
SM49AwEHA0IABG936NMr3BopoHrbY4knkki4K+LTiE/pclSS+sh5cy43kRQhEpc/
CZCGlNlyqR0IaLxmgs/+JRcfiurL8uzwOjSjggEpMIIBJTAMBgNVHRMBAf8EAjAA
MA4GA1UdDwEB/wQEAwIHgDAdBgNVHQ4EFgQUWoLiK5MNi8+zBvMMFSLgEKACV+8w
HwYDVR0jBBgwFoAU4SLVoE0uP+dgMr5QFI8fqvYg9JowJwYDVR0RBCAwHoIcY2Eu
bm9kZTEucHJpdmF0ZS5ic25iYXNlLmNvbTCBmwYIKgMEBQYHCAEEgY57ImF0dHJz
Ijp7InJvbGUiOiJhZG1pbiIsImhmLkFmZmlsaWF0aW9uIjoibm9kZTEucHJpdmF0
ZS5ic25iYXNlLmNvbSIsImhmLkVucm9sbG1lbnRJRCI6IkFkbWluQG5vZGUxLnBy
aXZhdGUuYnNuYmFzZS5jb20iLCJoZi5UeXBlIjoiY2xpZW50In19MAoGCCqGSM49
BAMCA0gAMEUCIQDJku+OLO/eO31//aWT/fMOHgUn2tTCMGevvn7J+DnNdwIgKvrH
8gZaaQOUlnIA98q4lLRS8JT8PW6VRYCBgBnkBRo=
-----END CERTIFICATE-----
Q#dUñ¯◊5«x€`‹Ä√Áw≥b⁄-Ê
˙
hll8/
Application
Node1MSP 

Consortium ¿ô
Applicationâ
Node1MSP $
Capabilities


V2_5 Admins""
Readers	
ReadersAdmins""
Writers	
WritersAdmins" 
Admins
AdminsAdmins"*
Endorsement
EndorsementAdmins"3
LifecycleEndorsement
EndorsementAdmins*Admins"

Consortium
SampleConsortiumÊ

õ

˛	
Node1MSPÒ	-----BEGIN CERTIFICATE-----
MIIDeTCCAx+gAwIBAgIIdF9J8cp3R+gwCgYIKoZIzj0EAwIwgZgxCzAJBgNVBAYT
AkNOMRAwDgYDVQQIDAdCZWlqaW5nMRAwDgYDVQQHDAdCZWlqaW5nMQwwCgYDVQQK
DANCc24xDjAMBgNVBAsMBW5vZGUxMRAwDgYDVQQLDAdwcml2YXRlMRAwDgYDVQQL
DAdic25iYXNlMQwwCgYDVQQLDANjb20xFTATBgNVBAMMDG5vZGUxLXIxLWljYTAg
Fw0yMjA2MjgwOTIzNTFaGA8yMTIyMDYyODA5MjM1MVowgbwxCzAJBgNVBAYTAkNO
MRAwDgYDVQQIDAdCZWlqaW5nMRAwDgYDVQQHDAdCZWlqaW5nMQwwCgYDVQQKDANC
c24xDzANBgNVBAsMBmNsaWVudDEOMAwGA1UECwwFbm9kZTExEDAOBgNVBAsMB3By
aXZhdGUxEDAOBgNVBAsMB2JzbmJhc2UxDDAKBgNVBAsMA2NvbTEoMCYGA1UEAwwf
QWRtaW5Abm9kZTEucHJpdmF0ZS5ic25iYXNlLmNvbTBZMBMGByqGSM49AgEGCCqG
SM49AwEHA0IABG936NMr3BopoHrbY4knkki4K+LTiE/pclSS+sh5cy43kRQhEpc/
CZCGlNlyqR0IaLxmgs/+JRcfiurL8uzwOjSjggEpMIIBJTAMBgNVHRMBAf8EAjAA
MA4GA1UdDwEB/wQEAwIHgDAdBgNVHQ4EFgQUWoLiK5MNi8+zBvMMFSLgEKACV+8w
HwYDVR0jBBgwFoAU4SLVoE0uP+dgMr5QFI8fqvYg9JowJwYDVR0RBCAwHoIcY2Eu
bm9kZTEucHJpdmF0ZS5ic25iYXNlLmNvbTCBmwYIKgMEBQYHCAEEgY57ImF0dHJz
Ijp7InJvbGUiOiJhZG1pbiIsImhmLkFmZmlsaWF0aW9uIjoibm9kZTEucHJpdmF0
ZS5ic25iYXNlLmNvbSIsImhmLkVucm9sbG1lbnRJRCI6IkFkbWluQG5vZGUxLnBy
aXZhdGUuYnNuYmFzZS5jb20iLCJoZi5UeXBlIjoiY2xpZW50In19MAoGCCqGSM49
BAMCA0gAMEUCIQDJku+OLO/eO31//aWT/fMOHgUn2tTCMGevvn7J+DnNdwIgKvrH
8gZaaQOUlnIA98q4lLRS8JT8PW6VRYCBgBnkBRo=
-----END CERTIFICATE-----
†Ω˚ëï›ìK©·˚bC˚
oøÊ2Bµ?F0D =≤ª›Ê‰Ë,NÈ/@ü¿m∞h∫6∏Rà¸©Òk ,•Y0eRsä%Ç ∑ÎJŸG˙}¯CX#;3‘E0C q˝``ø1dªºfCôËQ°>Hﬁ¬œV◊üzÿ±Ÿff §ÅePÑ”	V éœw#É–£"ê"›ÔX⁄` _Œ˜G0E! ﬂ¨ñ◊Ÿ∆¡ar›à`Îœzœu≤©A5W5ÓúRﬁfı EÀ¬o¬»çΩk!≤2íxDgıÂ¥!+¿*∑T˚L˘F0D mmGÍﬁﬁ{ØN$jw>FÁ‚˜Òx"˘≤´6ví9í$ [{ÜkÖŒ˝9·@
¯SŸ¶ƒﬂà:Ê©åÄÊÊü∞¿‹

 
 
 
 
 
( 